2025-09-01 08:51:41,863 [trainer.py] => config: configs/cifar100_neuro_lora.json
2025-09-01 08:51:41,863 [trainer.py] => device: [device(type='cuda', index=0)]
2025-09-01 08:51:41,863 [trainer.py] => eval: False
2025-09-01 08:51:41,863 [trainer.py] => prefix: neuro_lora
2025-09-01 08:51:41,863 [trainer.py] => dataset: cifar100
2025-09-01 08:51:41,864 [trainer.py] => data_path: data/
2025-09-01 08:51:41,864 [trainer.py] => memory_size: 0
2025-09-01 08:51:41,864 [trainer.py] => memory_per_class: 0
2025-09-01 08:51:41,864 [trainer.py] => fixed_memory: True
2025-09-01 08:51:41,864 [trainer.py] => shuffle: False
2025-09-01 08:51:41,864 [trainer.py] => seed: 0
2025-09-01 08:51:41,864 [trainer.py] => init_cls: 5
2025-09-01 08:51:41,864 [trainer.py] => increment: 5
2025-09-01 08:51:41,864 [trainer.py] => total_sessions: 20
2025-09-01 08:51:41,864 [trainer.py] => model_name: neuro_lora
2025-09-01 08:51:41,864 [trainer.py] => net_type: sip
2025-09-01 08:51:41,864 [trainer.py] => embd_dim: 768
2025-09-01 08:51:41,864 [trainer.py] => num_heads: 12
2025-09-01 08:51:41,864 [trainer.py] => EPSILON: 1e-08
2025-09-01 08:51:41,864 [trainer.py] => init_epoch: 20
2025-09-01 08:51:41,864 [trainer.py] => optim: Adam
2025-09-01 08:51:41,864 [trainer.py] => init_lr: 0.0005
2025-09-01 08:51:41,864 [trainer.py] => init_lr_decay: 0.1
2025-09-01 08:51:41,864 [trainer.py] => init_weight_decay: 0.0
2025-09-01 08:51:41,864 [trainer.py] => epochs: 20
2025-09-01 08:51:41,864 [trainer.py] => fc_lrate: 0.002
2025-09-01 08:51:41,864 [trainer.py] => lrate: 0.0005
2025-09-01 08:51:41,864 [trainer.py] => lrate_decay: 0.1
2025-09-01 08:51:41,864 [trainer.py] => batch_size: 128
2025-09-01 08:51:41,864 [trainer.py] => weight_decay: 0.0
2025-09-01 08:51:41,864 [trainer.py] => rank: 10
2025-09-01 08:51:41,864 [trainer.py] => margin_inter: 1.0
2025-09-01 08:51:41,864 [trainer.py] => lambada: 0.05
2025-09-01 08:51:41,864 [trainer.py] => num_workers: 16
2025-09-01 08:51:41,864 [trainer.py] => checkpoint_dir: logs/neuro_lora
2025-09-01 08:51:41,864 [trainer.py] => neuro_lora: {'enabled': True, 'k_per_task': 4, 'K_max': 64, 'lambda_plast': 0.1, 'sleep_epochs': 0, 'sleep_bs': 64, 'sleep_batches': 10, 'sleep_lr': 0.0001}
2025-09-01 08:51:57,907 [data_manager.py] => [0, 1, 2, 3, 4, 5, 6, 7, 8, 9, 10, 11, 12, 13, 14, 15, 16, 17, 18, 19, 20, 21, 22, 23, 24, 25, 26, 27, 28, 29, 30, 31, 32, 33, 34, 35, 36, 37, 38, 39, 40, 41, 42, 43, 44, 45, 46, 47, 48, 49, 50, 51, 52, 53, 54, 55, 56, 57, 58, 59, 60, 61, 62, 63, 64, 65, 66, 67, 68, 69, 70, 71, 72, 73, 74, 75, 76, 77, 78, 79, 80, 81, 82, 83, 84, 85, 86, 87, 88, 89, 90, 91, 92, 93, 94, 95, 96, 97, 98, 99]
2025-09-01 08:59:52,009 [trainer.py] => config: configs/cifar100_neuro_lora.json
2025-09-01 08:59:52,009 [trainer.py] => device: [device(type='cuda', index=0)]
2025-09-01 08:59:52,009 [trainer.py] => eval: False
2025-09-01 08:59:52,009 [trainer.py] => prefix: neuro_lora
2025-09-01 08:59:52,009 [trainer.py] => dataset: cifar100
2025-09-01 08:59:52,009 [trainer.py] => data_path: data/
2025-09-01 08:59:52,009 [trainer.py] => memory_size: 0
2025-09-01 08:59:52,009 [trainer.py] => memory_per_class: 0
2025-09-01 08:59:52,009 [trainer.py] => fixed_memory: True
2025-09-01 08:59:52,009 [trainer.py] => shuffle: False
2025-09-01 08:59:52,009 [trainer.py] => seed: 0
2025-09-01 08:59:52,009 [trainer.py] => init_cls: 5
2025-09-01 08:59:52,009 [trainer.py] => increment: 5
2025-09-01 08:59:52,009 [trainer.py] => total_sessions: 20
2025-09-01 08:59:52,009 [trainer.py] => model_name: neuro_lora
2025-09-01 08:59:52,009 [trainer.py] => net_type: sip
2025-09-01 08:59:52,009 [trainer.py] => embd_dim: 768
2025-09-01 08:59:52,009 [trainer.py] => num_heads: 12
2025-09-01 08:59:52,009 [trainer.py] => EPSILON: 1e-08
2025-09-01 08:59:52,009 [trainer.py] => init_epoch: 20
2025-09-01 08:59:52,009 [trainer.py] => optim: Adam
2025-09-01 08:59:52,009 [trainer.py] => init_lr: 0.0005
2025-09-01 08:59:52,009 [trainer.py] => init_lr_decay: 0.1
2025-09-01 08:59:52,009 [trainer.py] => init_weight_decay: 0.0
2025-09-01 08:59:52,009 [trainer.py] => epochs: 20
2025-09-01 08:59:52,009 [trainer.py] => fc_lrate: 0.002
2025-09-01 08:59:52,009 [trainer.py] => lrate: 0.0005
2025-09-01 08:59:52,010 [trainer.py] => lrate_decay: 0.1
2025-09-01 08:59:52,010 [trainer.py] => batch_size: 128
2025-09-01 08:59:52,010 [trainer.py] => weight_decay: 0.0
2025-09-01 08:59:52,010 [trainer.py] => rank: 10
2025-09-01 08:59:52,010 [trainer.py] => margin_inter: 1.0
2025-09-01 08:59:52,010 [trainer.py] => lambada: 0.05
2025-09-01 08:59:52,010 [trainer.py] => num_workers: 16
2025-09-01 08:59:52,010 [trainer.py] => checkpoint_dir: logs/neuro_lora
2025-09-01 08:59:52,010 [trainer.py] => neuro_lora: {'enabled': True, 'k_per_task': 4, 'K_max': 64, 'lambda_plast': 0.1, 'sleep_epochs': 0, 'sleep_bs': 64, 'sleep_batches': 10, 'sleep_lr': 0.0001}
2025-09-01 08:59:53,612 [data_manager.py] => [0, 1, 2, 3, 4, 5, 6, 7, 8, 9, 10, 11, 12, 13, 14, 15, 16, 17, 18, 19, 20, 21, 22, 23, 24, 25, 26, 27, 28, 29, 30, 31, 32, 33, 34, 35, 36, 37, 38, 39, 40, 41, 42, 43, 44, 45, 46, 47, 48, 49, 50, 51, 52, 53, 54, 55, 56, 57, 58, 59, 60, 61, 62, 63, 64, 65, 66, 67, 68, 69, 70, 71, 72, 73, 74, 75, 76, 77, 78, 79, 80, 81, 82, 83, 84, 85, 86, 87, 88, 89, 90, 91, 92, 93, 94, 95, 96, 97, 98, 99]
2025-09-01 08:59:56,828 [hub.py] => Downloading: "https://storage.googleapis.com/vit_models/augreg/B_16-i21k-300ep-lr_0.001-aug_medium1-wd_0.1-do_0.0-sd_0.0.npz" to /root/.cache/torch/hub/checkpoints/B_16-i21k-300ep-lr_0.001-aug_medium1-wd_0.1-do_0.0-sd_0.0.npz

2025-09-01 09:00:02,550 [trainer.py] => All params: 114881051
2025-09-01 09:00:02,553 [trainer.py] => Trainable params: 114881051
2025-09-01 09:00:02,553 [neuro_lora.py] => Learning on 0-5
2025-09-01 09:04:08,424 [neuro_lora.py] => Task 0, Epoch 20/20 => Loss 0.119, Train_accy 97.80
2025-09-01 09:04:08,428 [neuro_lora.py] => Extracting subspaces for task 0
2025-09-01 09:04:08,438 [neuro_lora.py] => Subspace extraction completed for task 0
2025-09-01 09:04:15,588 [trainer.py] => Time:253.0347545146942
2025-09-01 09:04:17,772 [trainer.py] => Time:2.1840660572052
2025-09-01 09:04:17,772 [trainer.py] => ACC: {'total': np.float64(99.4), '00-04': np.float64(99.4), 'old': 0, 'new': np.float64(99.4)}
2025-09-01 09:04:17,772 [trainer.py] => ACC top1 curve: [np.float64(99.4)]
2025-09-01 09:04:17,772 [trainer.py] => Average Accuracy: 99.4
2025-09-01 09:04:17,776 [trainer.py] => All params: 114881051
2025-09-01 09:04:17,779 [trainer.py] => Trainable params: 372485
2025-09-01 09:04:17,779 [neuro_lora.py] => Learning on 5-10
2025-09-01 09:09:02,438 [neuro_lora.py] => Task 1, Epoch 20/20 => Loss 0.124, Train_accy 97.72
2025-09-01 09:09:02,441 [neuro_lora.py] => Extracting subspaces for task 1
2025-09-01 09:09:02,451 [neuro_lora.py] => Subspace extraction completed for task 1
2025-09-01 09:09:10,010 [trainer.py] => Time:292.2312762737274
2025-09-01 09:09:13,169 [trainer.py] => Time:3.158557415008545
2025-09-01 09:09:13,170 [trainer.py] => ACC: {'total': np.float64(99.2), '00-04': np.float64(99.0), '05-09': np.float64(99.4), 'old': np.float64(99.0), 'new': np.float64(99.4)}
2025-09-01 09:09:13,170 [trainer.py] => ACC top1 curve: [np.float64(99.4), np.float64(99.2)]
2025-09-01 09:09:13,170 [trainer.py] => Average Accuracy: 99.30000000000001
2025-09-01 09:09:13,173 [trainer.py] => All params: 114881051
2025-09-01 09:09:13,175 [trainer.py] => Trainable params: 372485
2025-09-01 09:09:13,175 [neuro_lora.py] => Learning on 10-15
2025-09-01 09:14:21,354 [neuro_lora.py] => Task 2, Epoch 20/20 => Loss 0.131, Train_accy 97.00
2025-09-01 09:14:21,358 [neuro_lora.py] => Extracting subspaces for task 2
2025-09-01 09:14:21,368 [neuro_lora.py] => Subspace extraction completed for task 2
2025-09-01 09:14:29,056 [trainer.py] => Time:315.8801152706146
2025-09-01 09:14:33,162 [trainer.py] => Time:4.10571813583374
2025-09-01 09:14:33,162 [trainer.py] => ACC: {'total': np.float64(96.93), '00-04': np.float64(96.2), '05-09': np.float64(98.8), '10-14': np.float64(95.8), 'old': np.float64(97.5), 'new': np.float64(95.8)}
2025-09-01 09:14:33,162 [trainer.py] => ACC top1 curve: [np.float64(99.4), np.float64(99.2), np.float64(96.93)]
2025-09-01 09:14:33,162 [trainer.py] => Average Accuracy: 98.51
2025-09-01 09:14:33,166 [trainer.py] => All params: 114881051
2025-09-01 09:14:33,168 [trainer.py] => Trainable params: 372485
2025-09-01 09:14:33,168 [neuro_lora.py] => Learning on 15-20
2025-09-01 09:20:07,210 [neuro_lora.py] => Task 3, Epoch 20/20 => Loss 0.138, Train_accy 97.24
2025-09-01 09:20:07,213 [neuro_lora.py] => Extracting subspaces for task 3
2025-09-01 09:20:07,219 [neuro_lora.py] => Subspace extraction completed for task 3
2025-09-01 09:20:14,708 [trainer.py] => Time:341.5397186279297
2025-09-01 09:20:19,545 [trainer.py] => Time:4.836199760437012
2025-09-01 09:20:19,545 [trainer.py] => ACC: {'total': np.float64(96.15), '00-04': np.float64(96.2), '05-09': np.float64(98.2), '10-14': np.float64(94.6), '15-19': np.float64(95.6), 'old': np.float64(96.33), 'new': np.float64(95.6)}
2025-09-01 09:20:19,545 [trainer.py] => ACC top1 curve: [np.float64(99.4), np.float64(99.2), np.float64(96.93), np.float64(96.15)]
2025-09-01 09:20:19,545 [trainer.py] => Average Accuracy: 97.92000000000002
2025-09-01 09:20:19,549 [trainer.py] => All params: 114881051
2025-09-01 09:20:19,551 [trainer.py] => Trainable params: 372485
2025-09-01 09:20:19,551 [neuro_lora.py] => Learning on 20-25
2025-09-01 09:26:18,110 [neuro_lora.py] => Task 4, Epoch 20/20 => Loss 0.098, Train_accy 98.64
2025-09-01 09:26:18,114 [neuro_lora.py] => Extracting subspaces for task 4
2025-09-01 09:26:18,123 [neuro_lora.py] => Subspace extraction completed for task 4
2025-09-01 09:26:25,727 [trainer.py] => Time:366.1754946708679
2025-09-01 09:26:31,410 [trainer.py] => Time:5.682475328445435
2025-09-01 09:26:31,410 [trainer.py] => ACC: {'total': np.float64(95.68), '00-04': np.float64(95.6), '05-09': np.float64(96.8), '10-14': np.float64(94.4), '15-19': np.float64(95.2), '20-24': np.float64(96.4), 'old': np.float64(95.5), 'new': np.float64(96.4)}
2025-09-01 09:26:31,410 [trainer.py] => ACC top1 curve: [np.float64(99.4), np.float64(99.2), np.float64(96.93), np.float64(96.15), np.float64(95.68)]
2025-09-01 09:26:31,410 [trainer.py] => Average Accuracy: 97.47200000000001
2025-09-01 09:26:31,413 [trainer.py] => All params: 114881051
2025-09-01 09:26:31,416 [trainer.py] => Trainable params: 372485
2025-09-01 09:26:31,416 [neuro_lora.py] => Learning on 25-30
2025-09-01 09:33:01,436 [neuro_lora.py] => Task 5, Epoch 20/20 => Loss 0.180, Train_accy 96.24
2025-09-01 09:33:01,439 [neuro_lora.py] => Extracting subspaces for task 5
2025-09-01 09:33:01,444 [neuro_lora.py] => Subspace extraction completed for task 5
2025-09-01 09:33:09,383 [trainer.py] => Time:397.9670879840851
2025-09-01 09:33:16,222 [trainer.py] => Time:6.839286804199219
2025-09-01 09:33:16,223 [trainer.py] => ACC: {'total': np.float64(94.67), '00-04': np.float64(95.6), '05-09': np.float64(95.8), '10-14': np.float64(93.6), '15-19': np.float64(94.4), '20-24': np.float64(95.6), '25-29': np.float64(93.0), 'old': np.float64(95.0), 'new': np.float64(93.0)}
2025-09-01 09:33:16,223 [trainer.py] => ACC top1 curve: [np.float64(99.4), np.float64(99.2), np.float64(96.93), np.float64(96.15), np.float64(95.68), np.float64(94.67)]
2025-09-01 09:33:16,223 [trainer.py] => Average Accuracy: 97.00500000000001
2025-09-01 09:33:16,227 [trainer.py] => All params: 114881051
2025-09-01 09:33:16,229 [trainer.py] => Trainable params: 372485
2025-09-01 09:33:16,229 [neuro_lora.py] => Learning on 30-35
2025-09-01 09:40:11,708 [neuro_lora.py] => Task 6, Epoch 20/20 => Loss 0.155, Train_accy 96.96
2025-09-01 09:40:11,711 [neuro_lora.py] => Extracting subspaces for task 6
2025-09-01 09:40:11,716 [neuro_lora.py] => Subspace extraction completed for task 6
2025-09-01 09:40:19,287 [trainer.py] => Time:423.05787229537964
2025-09-01 09:40:26,933 [trainer.py] => Time:7.6455628871917725
2025-09-01 09:40:26,933 [trainer.py] => ACC: {'total': np.float64(94.17), '00-04': np.float64(95.2), '05-09': np.float64(95.6), '10-14': np.float64(91.8), '15-19': np.float64(94.0), '20-24': np.float64(95.0), '25-29': np.float64(92.6), '30-34': np.float64(95.0), 'old': np.float64(94.03), 'new': np.float64(95.0)}
2025-09-01 09:40:26,934 [trainer.py] => ACC top1 curve: [np.float64(99.4), np.float64(99.2), np.float64(96.93), np.float64(96.15), np.float64(95.68), np.float64(94.67), np.float64(94.17)]
2025-09-01 09:40:26,934 [trainer.py] => Average Accuracy: 96.60000000000001
2025-09-01 09:40:26,937 [trainer.py] => All params: 114881051
2025-09-01 09:40:26,939 [trainer.py] => Trainable params: 372485
2025-09-01 09:40:26,939 [neuro_lora.py] => Learning on 35-40
2025-09-01 09:47:45,725 [neuro_lora.py] => Task 7, Epoch 20/20 => Loss 0.118, Train_accy 98.20
2025-09-01 09:47:45,730 [neuro_lora.py] => Extracting subspaces for task 7
2025-09-01 09:47:45,740 [neuro_lora.py] => Subspace extraction completed for task 7
2025-09-01 09:47:53,612 [trainer.py] => Time:446.67219281196594
2025-09-01 09:48:02,277 [trainer.py] => Time:8.664653539657593
2025-09-01 09:48:02,277 [trainer.py] => ACC: {'total': np.float64(93.35), '00-04': np.float64(94.6), '05-09': np.float64(95.6), '10-14': np.float64(89.8), '15-19': np.float64(93.0), '20-24': np.float64(95.0), '25-29': np.float64(92.4), '30-34': np.float64(94.6), '35-39': np.float64(91.8), 'old': np.float64(93.57), 'new': np.float64(91.8)}
2025-09-01 09:48:02,277 [trainer.py] => ACC top1 curve: [np.float64(99.4), np.float64(99.2), np.float64(96.93), np.float64(96.15), np.float64(95.68), np.float64(94.67), np.float64(94.17), np.float64(93.35)]
2025-09-01 09:48:02,277 [trainer.py] => Average Accuracy: 96.19375000000001
2025-09-01 09:48:02,280 [trainer.py] => All params: 114881051
2025-09-01 09:48:02,282 [trainer.py] => Trainable params: 372485
2025-09-01 09:48:02,283 [neuro_lora.py] => Learning on 40-45
2025-09-01 09:55:51,528 [neuro_lora.py] => Task 8, Epoch 20/20 => Loss 0.147, Train_accy 96.96
2025-09-01 09:55:51,534 [neuro_lora.py] => Extracting subspaces for task 8
2025-09-01 09:55:51,570 [neuro_lora.py] => Subspace extraction completed for task 8
2025-09-01 09:55:59,857 [trainer.py] => Time:477.5740873813629
2025-09-01 09:56:09,447 [trainer.py] => Time:9.589524745941162
2025-09-01 09:56:09,447 [trainer.py] => ACC: {'total': np.float64(92.84), '00-04': np.float64(93.4), '05-09': np.float64(95.6), '10-14': np.float64(89.4), '15-19': np.float64(92.4), '20-24': np.float64(95.0), '25-29': np.float64(91.2), '30-34': np.float64(94.2), '35-39': np.float64(91.6), '40-44': np.float64(92.8), 'old': np.float64(92.85), 'new': np.float64(92.8)}
2025-09-01 09:56:09,447 [trainer.py] => ACC top1 curve: [np.float64(99.4), np.float64(99.2), np.float64(96.93), np.float64(96.15), np.float64(95.68), np.float64(94.67), np.float64(94.17), np.float64(93.35), np.float64(92.84)]
2025-09-01 09:56:09,447 [trainer.py] => Average Accuracy: 95.82111111111112
2025-09-01 09:56:09,451 [trainer.py] => All params: 114881051
2025-09-01 09:56:09,453 [trainer.py] => Trainable params: 372485
2025-09-01 09:56:09,454 [neuro_lora.py] => Learning on 45-50
2025-09-01 10:04:16,393 [neuro_lora.py] => Task 9, Epoch 20/20 => Loss 0.118, Train_accy 98.12
2025-09-01 10:04:16,398 [neuro_lora.py] => Extracting subspaces for task 9
2025-09-01 10:04:16,408 [neuro_lora.py] => Subspace extraction completed for task 9
2025-09-01 10:04:24,358 [trainer.py] => Time:494.9041862487793
2025-09-01 10:04:34,751 [trainer.py] => Time:10.392596006393433
2025-09-01 10:04:34,751 [trainer.py] => ACC: {'total': np.float64(92.08), '00-04': np.float64(93.4), '05-09': np.float64(95.0), '10-14': np.float64(87.0), '15-19': np.float64(92.0), '20-24': np.float64(94.8), '25-29': np.float64(89.2), '30-34': np.float64(92.6), '35-39': np.float64(91.0), '40-44': np.float64(92.6), '45-49': np.float64(93.2), 'old': np.float64(91.96), 'new': np.float64(93.2)}
2025-09-01 10:04:34,751 [trainer.py] => ACC top1 curve: [np.float64(99.4), np.float64(99.2), np.float64(96.93), np.float64(96.15), np.float64(95.68), np.float64(94.67), np.float64(94.17), np.float64(93.35), np.float64(92.84), np.float64(92.08)]
2025-09-01 10:04:34,751 [trainer.py] => Average Accuracy: 95.44700000000002
2025-09-01 10:04:34,755 [trainer.py] => All params: 114881051
2025-09-01 10:04:34,757 [trainer.py] => Trainable params: 372485
2025-09-01 10:04:34,757 [neuro_lora.py] => Learning on 50-55
2025-09-01 10:13:09,964 [neuro_lora.py] => Task 10, Epoch 20/20 => Loss 0.098, Train_accy 98.96
2025-09-01 10:13:09,969 [neuro_lora.py] => Extracting subspaces for task 10
2025-09-01 10:13:09,973 [neuro_lora.py] => Subspace extraction completed for task 10
2025-09-01 10:13:17,566 [trainer.py] => Time:522.8084151744843
2025-09-01 10:13:28,896 [trainer.py] => Time:11.329509973526001
2025-09-01 10:13:28,896 [trainer.py] => ACC: {'total': np.float64(91.31), '00-04': np.float64(92.2), '05-09': np.float64(95.0), '10-14': np.float64(87.0), '15-19': np.float64(91.8), '20-24': np.float64(94.8), '25-29': np.float64(89.0), '30-34': np.float64(92.2), '35-39': np.float64(90.4), '40-44': np.float64(92.6), '45-49': np.float64(85.2), '50-54': np.float64(94.2), 'old': np.float64(91.02), 'new': np.float64(94.2)}
2025-09-01 10:13:28,896 [trainer.py] => ACC top1 curve: [np.float64(99.4), np.float64(99.2), np.float64(96.93), np.float64(96.15), np.float64(95.68), np.float64(94.67), np.float64(94.17), np.float64(93.35), np.float64(92.84), np.float64(92.08), np.float64(91.31)]
2025-09-01 10:13:28,896 [trainer.py] => Average Accuracy: 95.07090909090911
2025-09-01 10:13:28,900 [trainer.py] => All params: 114881051
2025-09-01 10:13:28,902 [trainer.py] => Trainable params: 372485
2025-09-01 10:13:28,902 [neuro_lora.py] => Learning on 55-60
2025-09-01 10:22:37,618 [neuro_lora.py] => Task 11, Epoch 20/20 => Loss 0.137, Train_accy 97.52
2025-09-01 10:22:37,627 [neuro_lora.py] => Extracting subspaces for task 11
2025-09-01 10:22:37,636 [neuro_lora.py] => Subspace extraction completed for task 11
2025-09-01 10:22:45,507 [trainer.py] => Time:556.6052286624908
2025-09-01 10:22:58,078 [trainer.py] => Time:12.570434331893921
2025-09-01 10:22:58,079 [trainer.py] => ACC: {'total': np.float64(90.48), '00-04': np.float64(91.0), '05-09': np.float64(95.0), '10-14': np.float64(84.8), '15-19': np.float64(92.0), '20-24': np.float64(94.2), '25-29': np.float64(88.6), '30-34': np.float64(91.0), '35-39': np.float64(90.6), '40-44': np.float64(92.6), '45-49': np.float64(84.4), '50-54': np.float64(92.6), '55-59': np.float64(89.0), 'old': np.float64(90.62), 'new': np.float64(89.0)}
2025-09-01 10:22:58,079 [trainer.py] => ACC top1 curve: [np.float64(99.4), np.float64(99.2), np.float64(96.93), np.float64(96.15), np.float64(95.68), np.float64(94.67), np.float64(94.17), np.float64(93.35), np.float64(92.84), np.float64(92.08), np.float64(91.31), np.float64(90.48)]
2025-09-01 10:22:58,079 [trainer.py] => Average Accuracy: 94.68833333333335
2025-09-01 10:22:58,082 [trainer.py] => All params: 114881051
2025-09-01 10:22:58,085 [trainer.py] => Trainable params: 372485
2025-09-01 10:22:58,085 [neuro_lora.py] => Learning on 60-65
2025-09-01 10:32:30,277 [neuro_lora.py] => Task 12, Epoch 20/20 => Loss 0.125, Train_accy 97.84
2025-09-01 10:32:30,284 [neuro_lora.py] => Extracting subspaces for task 12
2025-09-01 10:32:30,294 [neuro_lora.py] => Subspace extraction completed for task 12
2025-09-01 10:32:38,598 [trainer.py] => Time:580.5131332874298
2025-09-01 10:32:52,281 [trainer.py] => Time:13.683160066604614
2025-09-01 10:32:52,282 [trainer.py] => ACC: {'total': np.float64(89.94), '00-04': np.float64(90.4), '05-09': np.float64(94.6), '10-14': np.float64(82.8), '15-19': np.float64(92.0), '20-24': np.float64(92.8), '25-29': np.float64(88.6), '30-34': np.float64(90.8), '35-39': np.float64(90.2), '40-44': np.float64(92.4), '45-49': np.float64(84.2), '50-54': np.float64(92.0), '55-59': np.float64(88.8), '60-64': np.float64(89.6), 'old': np.float64(89.97), 'new': np.float64(89.6)}
2025-09-01 10:32:52,282 [trainer.py] => ACC top1 curve: [np.float64(99.4), np.float64(99.2), np.float64(96.93), np.float64(96.15), np.float64(95.68), np.float64(94.67), np.float64(94.17), np.float64(93.35), np.float64(92.84), np.float64(92.08), np.float64(91.31), np.float64(90.48), np.float64(89.94)]
2025-09-01 10:32:52,282 [trainer.py] => Average Accuracy: 94.32307692307694
2025-09-01 10:32:52,286 [trainer.py] => All params: 114881051
2025-09-01 10:32:52,288 [trainer.py] => Trainable params: 372485
2025-09-01 10:32:52,288 [neuro_lora.py] => Learning on 65-70
2025-09-01 10:43:01,497 [neuro_lora.py] => Task 13, Epoch 20/20 => Loss 0.148, Train_accy 97.12
2025-09-01 10:43:01,507 [neuro_lora.py] => Extracting subspaces for task 13
2025-09-01 10:43:01,516 [neuro_lora.py] => Subspace extraction completed for task 13
2025-09-01 10:43:09,745 [trainer.py] => Time:617.4567267894745
2025-09-01 10:43:24,061 [trainer.py] => Time:14.315579414367676
2025-09-01 10:43:24,061 [trainer.py] => ACC: {'total': np.float64(89.76), '00-04': np.float64(89.8), '05-09': np.float64(94.4), '10-14': np.float64(82.4), '15-19': np.float64(91.8), '20-24': np.float64(92.6), '25-29': np.float64(88.2), '30-34': np.float64(89.6), '35-39': np.float64(89.8), '40-44': np.float64(92.4), '45-49': np.float64(84.0), '50-54': np.float64(91.8), '55-59': np.float64(88.8), '60-64': np.float64(88.8), '65-69': np.float64(92.2), 'old': np.float64(89.57), 'new': np.float64(92.2)}
2025-09-01 10:43:24,061 [trainer.py] => ACC top1 curve: [np.float64(99.4), np.float64(99.2), np.float64(96.93), np.float64(96.15), np.float64(95.68), np.float64(94.67), np.float64(94.17), np.float64(93.35), np.float64(92.84), np.float64(92.08), np.float64(91.31), np.float64(90.48), np.float64(89.94), np.float64(89.76)]
2025-09-01 10:43:24,061 [trainer.py] => Average Accuracy: 93.99714285714288
2025-09-01 10:43:24,064 [trainer.py] => All params: 114881051
2025-09-01 10:43:24,066 [trainer.py] => Trainable params: 372485
2025-09-01 10:43:24,066 [neuro_lora.py] => Learning on 70-75
2025-09-01 10:53:55,063 [neuro_lora.py] => Task 14, Epoch 20/20 => Loss 0.155, Train_accy 96.72
2025-09-01 10:53:55,068 [neuro_lora.py] => Extracting subspaces for task 14
2025-09-01 10:53:55,073 [neuro_lora.py] => Subspace extraction completed for task 14
2025-09-01 10:54:03,162 [trainer.py] => Time:639.0958480834961
2025-09-01 10:54:18,620 [trainer.py] => Time:15.45746374130249
2025-09-01 10:54:18,620 [trainer.py] => ACC: {'total': np.float64(88.96), '00-04': np.float64(89.6), '05-09': np.float64(94.2), '10-14': np.float64(82.4), '15-19': np.float64(91.8), '20-24': np.float64(91.0), '25-29': np.float64(87.8), '30-34': np.float64(88.4), '35-39': np.float64(89.8), '40-44': np.float64(92.4), '45-49': np.float64(82.8), '50-54': np.float64(90.2), '55-59': np.float64(87.6), '60-64': np.float64(87.2), '65-69': np.float64(91.4), '70-74': np.float64(87.8), 'old': np.float64(89.04), 'new': np.float64(87.8)}
2025-09-01 10:54:18,620 [trainer.py] => ACC top1 curve: [np.float64(99.4), np.float64(99.2), np.float64(96.93), np.float64(96.15), np.float64(95.68), np.float64(94.67), np.float64(94.17), np.float64(93.35), np.float64(92.84), np.float64(92.08), np.float64(91.31), np.float64(90.48), np.float64(89.94), np.float64(89.76), np.float64(88.96)]
2025-09-01 10:54:18,620 [trainer.py] => Average Accuracy: 93.66133333333336
2025-09-01 10:54:18,625 [trainer.py] => All params: 114881051
2025-09-01 10:54:18,627 [trainer.py] => Trainable params: 372485
2025-09-01 10:54:18,627 [neuro_lora.py] => Learning on 75-80
2025-09-01 11:05:20,332 [neuro_lora.py] => Task 15, Epoch 20/20 => Loss 0.140, Train_accy 96.92
2025-09-01 11:05:20,340 [neuro_lora.py] => Extracting subspaces for task 15
2025-09-01 11:05:20,351 [neuro_lora.py] => Subspace extraction completed for task 15
2025-09-01 11:05:28,503 [trainer.py] => Time:669.8761835098267
2025-09-01 11:05:45,056 [trainer.py] => Time:16.55287456512451
2025-09-01 11:05:45,057 [trainer.py] => ACC: {'total': np.float64(89.31), '00-04': np.float64(88.8), '05-09': np.float64(93.8), '10-14': np.float64(81.8), '15-19': np.float64(92.0), '20-24': np.float64(90.6), '25-29': np.float64(87.8), '30-34': np.float64(88.4), '35-39': np.float64(90.0), '40-44': np.float64(92.2), '45-49': np.float64(82.8), '50-54': np.float64(90.4), '55-59': np.float64(88.0), '60-64': np.float64(87.0), '65-69': np.float64(91.4), '70-74': np.float64(88.0), '75-79': np.float64(96.0), 'old': np.float64(88.87), 'new': np.float64(96.0)}
2025-09-01 11:05:45,057 [trainer.py] => ACC top1 curve: [np.float64(99.4), np.float64(99.2), np.float64(96.93), np.float64(96.15), np.float64(95.68), np.float64(94.67), np.float64(94.17), np.float64(93.35), np.float64(92.84), np.float64(92.08), np.float64(91.31), np.float64(90.48), np.float64(89.94), np.float64(89.76), np.float64(88.96), np.float64(89.31)]
2025-09-01 11:05:45,057 [trainer.py] => Average Accuracy: 93.38937500000002
2025-09-01 11:05:45,060 [trainer.py] => All params: 114881051
2025-09-01 11:05:45,062 [trainer.py] => Trainable params: 372485
2025-09-01 11:05:45,062 [neuro_lora.py] => Learning on 80-85
2025-09-01 11:17:16,383 [neuro_lora.py] => Task 16, Epoch 20/20 => Loss 0.102, Train_accy 98.76
2025-09-01 11:17:16,394 [neuro_lora.py] => Extracting subspaces for task 16
2025-09-01 11:17:16,404 [neuro_lora.py] => Subspace extraction completed for task 16
2025-09-01 11:17:24,652 [trainer.py] => Time:699.5900146961212
2025-09-01 11:17:41,840 [trainer.py] => Time:17.188083171844482
2025-09-01 11:17:41,841 [trainer.py] => ACC: {'total': np.float64(89.15), '00-04': np.float64(88.6), '05-09': np.float64(93.2), '10-14': np.float64(79.4), '15-19': np.float64(91.8), '20-24': np.float64(90.2), '25-29': np.float64(87.2), '30-34': np.float64(88.0), '35-39': np.float64(91.0), '40-44': np.float64(91.4), '45-49': np.float64(82.4), '50-54': np.float64(90.4), '55-59': np.float64(88.2), '60-64': np.float64(86.4), '65-69': np.float64(91.2), '70-74': np.float64(88.0), '75-79': np.float64(96.0), '80-84': np.float64(92.2), 'old': np.float64(88.96), 'new': np.float64(92.2)}
2025-09-01 11:17:41,841 [trainer.py] => ACC top1 curve: [np.float64(99.4), np.float64(99.2), np.float64(96.93), np.float64(96.15), np.float64(95.68), np.float64(94.67), np.float64(94.17), np.float64(93.35), np.float64(92.84), np.float64(92.08), np.float64(91.31), np.float64(90.48), np.float64(89.94), np.float64(89.76), np.float64(88.96), np.float64(89.31), np.float64(89.15)]
2025-09-01 11:17:41,841 [trainer.py] => Average Accuracy: 93.14000000000001
2025-09-01 11:17:41,844 [trainer.py] => All params: 114881051
2025-09-01 11:17:41,846 [trainer.py] => Trainable params: 372485
2025-09-01 11:17:41,846 [neuro_lora.py] => Learning on 85-90
2025-09-01 11:29:43,354 [neuro_lora.py] => Task 17, Epoch 20/20 => Loss 0.154, Train_accy 97.12
2025-09-01 11:29:43,362 [neuro_lora.py] => Extracting subspaces for task 17
2025-09-01 11:29:43,372 [neuro_lora.py] => Subspace extraction completed for task 17
2025-09-01 11:29:51,644 [trainer.py] => Time:729.7975947856903
2025-09-01 11:30:10,434 [trainer.py] => Time:18.789473295211792
2025-09-01 11:30:10,434 [trainer.py] => ACC: {'total': np.float64(89.26), '00-04': np.float64(89.0), '05-09': np.float64(93.6), '10-14': np.float64(79.6), '15-19': np.float64(91.8), '20-24': np.float64(90.4), '25-29': np.float64(87.8), '30-34': np.float64(88.2), '35-39': np.float64(90.0), '40-44': np.float64(89.4), '45-49': np.float64(82.0), '50-54': np.float64(90.4), '55-59': np.float64(88.0), '60-64': np.float64(86.2), '65-69': np.float64(91.0), '70-74': np.float64(88.0), '75-79': np.float64(96.0), '80-84': np.float64(92.2), '85-89': np.float64(93.0), 'old': np.float64(89.04), 'new': np.float64(93.0)}
2025-09-01 11:30:10,434 [trainer.py] => ACC top1 curve: [np.float64(99.4), np.float64(99.2), np.float64(96.93), np.float64(96.15), np.float64(95.68), np.float64(94.67), np.float64(94.17), np.float64(93.35), np.float64(92.84), np.float64(92.08), np.float64(91.31), np.float64(90.48), np.float64(89.94), np.float64(89.76), np.float64(88.96), np.float64(89.31), np.float64(89.15), np.float64(89.26)]
2025-09-01 11:30:10,434 [trainer.py] => Average Accuracy: 92.92444444444446
2025-09-01 11:30:10,438 [trainer.py] => All params: 114881051
2025-09-01 11:30:10,440 [trainer.py] => Trainable params: 372485
2025-09-01 11:30:10,440 [neuro_lora.py] => Learning on 90-95
2025-09-01 11:42:12,439 [neuro_lora.py] => Task 18, Epoch 20/20 => Loss 0.123, Train_accy 97.76
2025-09-01 11:42:12,447 [neuro_lora.py] => Extracting subspaces for task 18
2025-09-01 11:42:12,456 [neuro_lora.py] => Subspace extraction completed for task 18
2025-09-01 11:42:20,551 [trainer.py] => Time:730.1105949878693
2025-09-01 11:42:40,148 [trainer.py] => Time:19.59629726409912
2025-09-01 11:42:40,148 [trainer.py] => ACC: {'total': np.float64(89.17), '00-04': np.float64(88.6), '05-09': np.float64(93.2), '10-14': np.float64(79.0), '15-19': np.float64(91.8), '20-24': np.float64(90.4), '25-29': np.float64(87.6), '30-34': np.float64(87.2), '35-39': np.float64(90.2), '40-44': np.float64(89.2), '45-49': np.float64(82.0), '50-54': np.float64(90.4), '55-59': np.float64(88.0), '60-64': np.float64(85.8), '65-69': np.float64(91.2), '70-74': np.float64(87.6), '75-79': np.float64(96.0), '80-84': np.float64(90.0), '85-89': np.float64(93.0), '90-94': np.float64(93.0), 'old': np.float64(88.96), 'new': np.float64(93.0)}
2025-09-01 11:42:40,148 [trainer.py] => ACC top1 curve: [np.float64(99.4), np.float64(99.2), np.float64(96.93), np.float64(96.15), np.float64(95.68), np.float64(94.67), np.float64(94.17), np.float64(93.35), np.float64(92.84), np.float64(92.08), np.float64(91.31), np.float64(90.48), np.float64(89.94), np.float64(89.76), np.float64(88.96), np.float64(89.31), np.float64(89.15), np.float64(89.26), np.float64(89.17)]
2025-09-01 11:42:40,148 [trainer.py] => Average Accuracy: 92.72684210526317
2025-09-01 11:42:40,151 [trainer.py] => All params: 114881051
2025-09-01 11:42:40,153 [trainer.py] => Trainable params: 372485
2025-09-01 11:42:40,153 [neuro_lora.py] => Learning on 95-100
2025-09-01 11:55:14,080 [neuro_lora.py] => Task 19, Epoch 20/20 => Loss 0.115, Train_accy 98.44
2025-09-01 11:55:14,091 [neuro_lora.py] => Extracting subspaces for task 19
2025-09-01 11:55:14,100 [neuro_lora.py] => Subspace extraction completed for task 19
2025-09-01 11:55:22,495 [trainer.py] => Time:762.3415946960449
2025-09-01 11:55:43,025 [trainer.py] => Time:20.529242038726807
2025-09-01 11:55:43,025 [trainer.py] => ACC: {'total': np.float64(88.55), '00-04': np.float64(88.0), '05-09': np.float64(93.0), '10-14': np.float64(78.2), '15-19': np.float64(91.6), '20-24': np.float64(90.2), '25-29': np.float64(87.0), '30-34': np.float64(86.2), '35-39': np.float64(87.8), '40-44': np.float64(89.0), '45-49': np.float64(80.6), '50-54': np.float64(89.0), '55-59': np.float64(88.0), '60-64': np.float64(85.4), '65-69': np.float64(91.2), '70-74': np.float64(87.0), '75-79': np.float64(95.2), '80-84': np.float64(90.6), '85-89': np.float64(92.8), '90-94': np.float64(92.8), '95-99': np.float64(87.4), 'old': np.float64(88.61), 'new': np.float64(87.4)}
2025-09-01 11:55:43,025 [trainer.py] => ACC top1 curve: [np.float64(99.4), np.float64(99.2), np.float64(96.93), np.float64(96.15), np.float64(95.68), np.float64(94.67), np.float64(94.17), np.float64(93.35), np.float64(92.84), np.float64(92.08), np.float64(91.31), np.float64(90.48), np.float64(89.94), np.float64(89.76), np.float64(88.96), np.float64(89.31), np.float64(89.15), np.float64(89.26), np.float64(89.17), np.float64(88.55)]
2025-09-01 11:55:43,025 [trainer.py] => Average Accuracy: 92.51800000000001
